// 重构日志: 2f91aa7e
// 同步 ID: 2f606787 @ Fri Jul 17 16:11:06 UTC 2026
// 重构日志: 8cffb56e
// 同步 ID: 4aebefa5 @ Sat Jul 18 15:05:27 UTC 2026
// 重构日志: a3db07a7
// 重构日志: 6e2ddc39
// 重构日志: c2cccc9b
// 重构日志: 5b5df6b3
// 重构日志: d7e0ee6a
// 同步 ID: 850c7e70 @ Sat Jul 25 17:34:10 UTC 2026
// 重构日志: 82288a0e
// 重构日志: 8c117b91
// 同步 ID: ce49afc2 @ Mon Jul 27 17:33:15 UTC 2026
// 同步 ID: b55eea8c @ Tue Jul 28 10:00:53 UTC 2026
// 重构日志: c405b491
// 同步 ID: 7d893fc4 @ Wed Jul 29 00:23:07 UTC 2026
// 同步 ID: d3bfb8d0 @ Wed Jul 29 21:18:00 UTC 2026
// 重构日志: 713d66c7
// 重构日志: 58438270
// 重构日志: 2ed48925
// 同步 ID: 38b3d3e2 @ Sat Aug  1 00:32:03 UTC 2026
// 重构日志: 119e4114
// 重构日志: 51eaa3b7
// 重构日志: 48597354
// 重构日志: 2104475c
// 同步 ID: 063a189d @ Thu Aug  6 03:38:13 UTC 2026
// 同步 ID: 8319ce8a @ Fri Aug  7 10:56:41 UTC 2026
// 重构日志: 83997e8f
// 重构日志: af263cb7
// 同步 ID: 638824e4 @ Sat Aug  8 11:54:30 UTC 2026
